2026-09-25T08:31 старт симуляции, профиль relaxed, капитал $5,000.00, открыто 0
2026-09-25T08:31 OPEN #1 COLLECT/SOL dep $150.0 price 0.002184 range -7.5% tvl $72,963 fee/tvl1h 2.11%
2026-09-25T08:31 OPEN #2 STONKBLEND/SOL dep $145.45 price 0.0004667 range -15.0% tvl $6,361 fee/tvl1h 1.46%
2026-09-25T08:31 tick 1 equity $4,997.00 (-0.06%) open 2 closed 0 | скан: пулов 300 stage1 7 stage2 2 канд 2
2026-09-25T08:33 tick 2 equity $4,996.15 (-0.08%) open 2 closed 0 | скан: пулов 300 stage1 7 stage2 2 канд 2
2026-09-25T08:36 tick 3 equity $4,993.14 (-0.14%) open 2 closed 0 | скан: пулов 300 stage1 7 stage2 2 канд 2
2026-09-25T08:36 старт симуляции, профиль relaxed, капитал $4,701.55, открыто 2
2026-09-25T08:36 CLOSE #1 COLLECT price price 0.001994 (-8.7%) fees $0.07 net $-11.64 (-7.8%) 5 мин; капитал $4,983.01
2026-09-25T08:36 tick 4 equity $4,982.47 (-0.35%) open 1 closed 1 | скан: пулов 300 stage1 7 stage2 2 канд 2
2026-09-25T08:38 старт симуляции, профиль relaxed, капитал $4,841.41, открыто 1
2026-09-25T08:38 tick 5 equity $4,980.13 (-0.40%) open 1 closed 1 | скан: пулов 300 stage1 7 stage2 2 канд 2
2026-09-25T08:40 tick 6 equity $4,977.18 (-0.46%) open 1 closed 1 | скан: пулов 300 stage1 7 stage2 2 канд 2
2026-09-25T08:42 tick 7 equity $4,981.23 (-0.38%) open 1 closed 1 | скан: пулов 300 stage1 7 stage2 2 канд 2
2026-09-25T08:45 tick 8 equity $4,975.93 (-0.48%) open 1 closed 1 | скан: пулов 300 stage1 7 stage2 2 канд 2
2026-09-25T08:47 tick 9 equity $4,976.29 (-0.47%) open 1 closed 1 | скан: пулов 300 stage1 6 stage2 2 канд 2
2026-09-25T08:49 tick 10 equity $4,975.57 (-0.49%) open 1 closed 1 | скан: пулов 300 stage1 6 stage2 2 канд 2
2026-09-25T08:51 CLOSE #2 STONKBLEND price price 0.0003951 (-15.3%) fees $0.51 net $-16.80 (-11.5%) 19 мин; капитал $4,971.57
2026-09-25T08:51 tick 11 equity $4,971.57 (-0.57%) open 0 closed 2 | скан: пулов 300 stage1 6 stage2 2 канд 2
2026-09-25T12:31 старт симуляции, профиль relaxed, капитал $4,971.57, открыто 0
2026-09-25T12:31 OPEN #3 BRICK/SOL dep $149.15 price 0.0003901 range -30.0% tvl $31,217 fee/tvl1h 6.55%
2026-09-25T12:31 OPEN #4 BRAIN/SOL dep $144.63 price 0.0004874 range -30.0% tvl $9,362 fee/tvl1h 1.31%
2026-09-25T12:31 tick 12 equity $4,968.57 (-0.63%) open 2 closed 2 | скан: пулов 300 stage1 5 stage2 2 канд 2
